[      1s | 1,484 MB (peak 1,449)] Source 1: 2,206,821 records indexed (frac 1.0); holdout 220,756
[      4s | 1,859 MB (peak 1,722)] Links: 7,638,365 (763,696 holdout, 6,874,669 fit); 1,000,000 fit pairs sampled for learning
[     47s | 1,546 MB (peak 1,926)]   train_source2.tsv: kept 993,601 target records (streamed)
[     91s | 1,854 MB (peak 2,113)]   train_source3.tsv: kept 1,058,797 target records (streamed)
[     96s | 1,875 MB (peak 2,113)]   [translit] 979 aligned word pairs, 955 used for EM, 950 dictionary words
[     96s | 1,875 MB (peak 2,113)]   [translit] EM iter 1/6: 955 pairs aligned, 133 units, weighted log-lik -37,855
[     96s | 1,875 MB (peak 2,113)]   [translit] EM iter 2/6: 955 pairs aligned, 133 units, weighted log-lik -30,639
[     96s | 1,875 MB (peak 2,113)]   [translit] EM iter 3/6: 955 pairs aligned, 133 units, weighted log-lik -28,289
[     96s | 1,875 MB (peak 2,113)]   [translit] EM iter 4/6: 955 pairs aligned, 133 units, weighted log-lik -27,575
[     97s | 1,875 MB (peak 2,113)]   [translit] EM iter 5/6: 955 pairs aligned, 133 units, weighted log-lik -27,272
[     97s | 1,875 MB (peak 2,113)]   [translit] EM iter 6/6: 955 pairs aligned, 133 units, weighted log-lik -26,988
[     97s | 1,875 MB (peak 2,113)]   [phonetics] vowels=aeiouy | merged classes: ['st'] | drop aspiration-h=True
[     97s | 1,875 MB (peak 2,113)]   [translit] char-model phonetic-key agreement 0.744 over 264,464 word tokens; samples: []
[    145s | 1,981 MB (peak 4,044)]   [lexicon] name 35 entries e.g. [('privte', 'private'), ('pvt', 'private'), ('pivate', 'private'), ('privae', 'private'), ('prvate', 'private'), ('priate', 'private'), ('ltd', 'limited'), ('incorporated', 'inc'), ('footankle', 'foot'), ('domd', 'domdpc'), ('earnosethroat', 'ear'), ('earnose', 'ear')]
[    145s | 1,981 MB (peak 4,044)]   [lexicon] addr 170 entries e.g. [('rd', 'road'), ('roa', 'road'), ('rad', 'road'), ('rod', 'road'), ('ohio', 'oh'), ('alabama', 'al'), ('pl', 'place'), ('texas', 'tx'), ('ave', 'avenue'), ('aveue', 'avenue'), ('avene', 'avenue'), ('avnue', 'avenue')]
[    145s | 1,981 MB (peak 4,044)]   [noise] 35 name tokens e.g. ['5ervices', 'aka', 'as', 'authority', 'c0m', 'center', 'co', 'com', 'company', 'corp', 'corporation', 'dba', 'district', 'doing', 'dr', 'fka', 'formerly', 'id', 'known', 'lnc', 'lndia', 'lp', 'mr', 'ms', 'nee', 'partners', 'service', 'services', 'shri', 'smt']
[    145s | 1,981 MB (peak 4,044)]   [translit demo] Green Builders Pvt Ltd  <=>  ग्रीन बिल्डर्स प्रा. लि.  ->  green builders private limited
[    145s | 1,981 MB (peak 4,044)]   [translit demo] United Technologies Private Limited  <=>  यूनाइटेड टेक्नोलॉजीज प्राइवेट लिमिटेड  ->  united technologies private limited
[    145s | 1,981 MB (peak 4,044)]   [translit demo] Hitech Care Private Limited  <=>  हाईटेक केयर प्राइवेट लिमिटेड  ->  hitech care private limited
[    145s | 1,980 MB (peak 4,044)]   [translit demo] Galaxy Business Private Limited  <=>  गैलेक्सी बिजनेस प्राइवेट लिमिटेड  ->  galaxy business private limited
[    145s | 1,980 MB (peak 4,044)]   [translit demo] Shiva Ventures Private Limited  <=>  शिवा वेंचर्स प्राइवेट लिमिटेड  ->  shiv ventures private limited
[    145s | 1,980 MB (peak 4,044)]   [translit demo] Shyam Hospitality Pvt Ltd  <=>  श्याम हॉस्पिटैलिटी प्रा. लि.  ->  shyam hospitality private limited
[    145s | 1,980 MB (peak 4,044)]   [translit demo] Best Software Private Limited  <=>  बेस्ट सॉफ्टवेयर प्राइवेट लिमिटेड  ->  best software private limited
[    146s | 1,980 MB (peak 4,044)]   [translit demo] Ss Builders  <=>  এসএস বিল্ডার্স  ->  sons builders
[    181s | 2,131 MB (peak 4,044)]   [idf] fitted on 600,000 fit-fold S1 records; pruned from index: name 1,630 / addr 519 hashed features
[    483s | 3,670 MB (peak 4,044)]   [encoder] epoch 1/3: 245 batches over 1,000,000 pairs, mean loss 0.0877, 215s
[    695s | 3,604 MB (peak 4,044)]   [encoder] epoch 2/3: 245 batches over 1,000,000 pairs, mean loss 0.0069, 212s
[    906s | 3,581 MB (peak 4,044)]   [encoder] epoch 3/3: 245 batches over 1,000,000 pairs, mean loss 0.0056, 211s
[    908s | 2,376 MB (peak 4,044)] Queries: 1,072,275 (763,696 holdout links, 206,270 random targets, 117,607 stage-1 training targets)
[    978s | 3,513 MB (peak 4,044)] [India] 883,188 S1 | 429,470 queries featurized and encoded
[   1033s | 3,330 MB (peak 4,044)] [India] name channel done (deep 35.9%)
[   1065s | 3,352 MB (peak 4,044)] [India] address channel done (deep 1.0%)
[   1360s | 3,453 MB (peak 4,181)] [India] HNSW-SQ8 encoder channel done (deep 36.5%)
[   1599s | 2,625 MB (peak 4,408)] [India] stage-1 features for 36,644,218 pairs written
[   1680s | 3,979 MB (peak 4,408)] [US] 1,323,633 S1 | 642,805 queries featurized and encoded
[   1866s | 3,783 MB (peak 4,408)] [US] name channel done (deep 24.9%)
[   1936s | 3,819 MB (peak 4,408)] [US] address channel done (deep 3.0%)
[   2432s | 3,917 MB (peak 4,832)] [US] HNSW-SQ8 encoder channel done (deep 27.2%)
[   2713s | 2,814 MB (peak 4,857)] [US] stage-1 features for 44,895,571 pairs written
[   2735s | 3,891 MB (peak 4,857)]   [stage1] training pairs 8,896,567 (117,119 positive) over 117,607 targets; feature matrix 916 MB
[   2862s | 4,108 MB (peak 4,857)]   [stage1] 224 trees, val logloss 0.00130
========================================================================================
  GATE G1 - V6 Target->S1 retrieval, 10% held-out training anchors
========================================================================================
  Holdout anchors 220,756 | true links 763,696 | S1 index 2,206,821 | K=10, deep K=100 (tie ratio 0.9)
  Deep-search share of random targets     : name 28.4% | addr 3.8% | enc 31.4%
  Recall  name 0.7945 | address 0.8646 | encoder 0.9525 | name+addr 0.9743
  UNION RECALL (candidate ceiling)        : 0.9957
  RRF-fused top-M recall                  : @1 0.9370 | @3 0.9602 | @5 0.9695 | @10 0.9791 | @20 0.9862 | @50 0.9926
    India    links  306,234 | union 0.9950 | top5 0.9639 | name 0.7503 addr 0.8400 enc 0.9623
    US       links  457,462 | union 0.9962 | top5 0.9732 | name 0.8242 addr 0.8811 enc 0.9459
  By source: S2 0.9961 | S3 0.9953
  Cross-country links (unreachable by partition): 0
  Misses 3,299, of which identical-name + no-address (ambiguous): 837 -> union recall excluding them 0.9968
  Oracle macro F0.5 ceiling               : union 0.9987 | fused_top3 0.9865 | fused_top5 0.9900 | fused_top10 0.9935 | fused_top20 0.9959
  Volume per target: union 77.8 -> est. test pairs 775M (fused top10: 100M)
  Runtime 3216s | peak process-tree memory 4,857 MB (budget 5,500 MB: OK)
  GATE G1 (union recall >= 0.995): PASS
========================================================================================
  GATE G1b - Stage-1 pruner (LightGBM on training-fold targets), same held-out links
========================================================================================
  Recall@M      : @5 0.9882 | @10 0.9905 | @15 0.9916 | @20 0.9924
  Kept/target   : @5 5.0 | @10 10.0 | @15 15.0 | @20 20.0
  Top-20 + prob floor 1.84e-03 (tuned on training fold): recall 0.9918, kept/target 1.4
  Est. test pairs: top-20 199M | with floor 14M (was 775M)
  Oracle macro F0.5 ceiling after pruning: 0.9978
  Top features: ['gap_enc', 'second_enc_gap', 'qrank_enc', 'qrank_raw', 'cos_min', 'qrank_addr', 'gap_addr', 'gap_raw']
  Runtime 3216s | peak process-tree memory 4,857 MB (budget 5,500 MB: OK)
  GATE G1b (recall@20 >= 0.995): FAIL
========================================================================================
