[      1s | 1,467 MB (peak 1,430)] Source 1: 2,206,821 records indexed (frac 1.0); holdout 220,756
[      4s | 1,775 MB (peak 1,700)] Links: 7,638,365 (763,696 holdout, 6,874,669 fit); 1,000,000 fit pairs sampled for learning
[      8s | 2,129 MB (peak 2,333)]   train_source2.tsv: kept 936,301 target records
[     12s | 2,650 MB (peak 2,834)]   train_source3.tsv: kept 998,184 target records
[     17s | 2,683 MB (peak 2,834)]   [translit] 979 aligned word pairs, 955 used for EM, 950 dictionary words
[     17s | 2,684 MB (peak 2,834)]   [translit] EM iter 1/6: 955 pairs aligned, 133 units, weighted log-lik -37,855
[     17s | 2,684 MB (peak 2,834)]   [translit] EM iter 2/6: 955 pairs aligned, 133 units, weighted log-lik -30,639
[     17s | 2,684 MB (peak 2,834)]   [translit] EM iter 3/6: 955 pairs aligned, 133 units, weighted log-lik -28,289
[     17s | 2,684 MB (peak 2,834)]   [translit] EM iter 4/6: 955 pairs aligned, 133 units, weighted log-lik -27,575
[     17s | 2,684 MB (peak 2,834)]   [translit] EM iter 5/6: 955 pairs aligned, 133 units, weighted log-lik -27,272
[     17s | 2,684 MB (peak 2,834)]   [translit] EM iter 6/6: 955 pairs aligned, 133 units, weighted log-lik -26,988
[     17s | 2,684 MB (peak 2,834)]   [phonetics] vowels=aeiouy | merged classes: ['st'] | drop aspiration-h=True
[     17s | 2,684 MB (peak 2,834)]   [translit] char-model phonetic-key agreement 0.744 over 264,464 word tokens; samples: []
[     66s | 2,797 MB (peak 4,854)]   [lexicon] name 35 entries e.g. [('privte', 'private'), ('pvt', 'private'), ('pivate', 'private'), ('privae', 'private'), ('prvate', 'private'), ('priate', 'private'), ('ltd', 'limited'), ('incorporated', 'inc'), ('footankle', 'foot'), ('domd', 'domdpc'), ('earnosethroat', 'ear'), ('earnose', 'ear')]
[     66s | 2,797 MB (peak 4,854)]   [lexicon] addr 170 entries e.g. [('ohio', 'oh'), ('rd', 'road'), ('roa', 'road'), ('rad', 'road'), ('rod', 'road'), ('pl', 'place'), ('alabama', 'al'), ('texas', 'tx'), ('ave', 'avenue'), ('aveue', 'avenue'), ('avene', 'avenue'), ('avnue', 'avenue')]
[     66s | 2,797 MB (peak 4,854)]   [noise] 35 name tokens e.g. ['5ervices', 'aka', 'as', 'authority', 'c0m', 'center', 'co', 'com', 'company', 'corp', 'corporation', 'dba', 'district', 'doing', 'dr', 'fka', 'formerly', 'id', 'known', 'lnc', 'lndia', 'lp', 'mr', 'ms', 'nee', 'partners', 'service', 'services', 'shri', 'smt']
[     66s | 2,797 MB (peak 4,854)]   [translit demo] Green Builders Pvt Ltd  <=>  ग्रीन बिल्डर्स प्रा. लि.  ->  green builders private limited
[     66s | 2,797 MB (peak 4,854)]   [translit demo] United Technologies Private Limited  <=>  यूनाइटेड टेक्नोलॉजीज प्राइवेट लिमिटेड  ->  united technologies private limited
[     66s | 2,797 MB (peak 4,854)]   [translit demo] Hitech Care Private Limited  <=>  हाईटेक केयर प्राइवेट लिमिटेड  ->  hitech care private limited
[     66s | 2,797 MB (peak 4,854)]   [translit demo] Galaxy Business Private Limited  <=>  गैलेक्सी बिजनेस प्राइवेट लिमिटेड  ->  galaxy business private limited
[     66s | 2,797 MB (peak 4,854)]   [translit demo] Shiva Ventures Private Limited  <=>  शिवा वेंचर्स प्राइवेट लिमिटेड  ->  shiv ventures private limited
[     66s | 2,797 MB (peak 4,854)]   [translit demo] Shyam Hospitality Pvt Ltd  <=>  श्याम हॉस्पिटैलिटी प्रा. लि.  ->  shyam hospitality private limited
[     66s | 2,797 MB (peak 4,854)]   [translit demo] Best Software Private Limited  <=>  बेस्ट सॉफ्टवेयर प्राइवेट लिमिटेड  ->  best software private limited
[     66s | 2,797 MB (peak 4,854)]   [translit demo] Ss Builders  <=>  এসএস বিল্ডার্স  ->  sons builders
[     92s | 2,827 MB (peak 4,854)]   [idf] fitted on 600,000 fit-fold S1 records; pruned from index: name 1,629 / addr 521 hashed features
[    404s | 4,434 MB (peak 4,854)]   [encoder] epoch 1/3: 245 batches over 1,000,000 pairs, mean loss 0.0877, 224s
[    629s | 4,428 MB (peak 4,854)]   [encoder] epoch 2/3: 245 batches over 1,000,000 pairs, mean loss 0.0069, 224s
[    851s | 4,449 MB (peak 4,854)]   [encoder] epoch 3/3: 245 batches over 1,000,000 pairs, mean loss 0.0056, 222s
[    852s | 3,534 MB (peak 4,854)] Queries: 954,500 (763,696 holdout links, 206,223 random targets)
[    916s | 4,267 MB (peak 4,854)] [India] 883,188 S1 | 382,440 queries featurized
[    952s | 4,965 MB (peak 5,171)] [India] name channel done
[    979s | 4,727 MB (peak 5,171)] [India] address channel done
[   1330s | 4,537 MB (peak 5,284)] [India] HNSW encoder channel done
[   1404s | 4,444 MB (peak 5,284)] [US] 1,323,633 S1 | 572,060 queries featurized
[   1553s | 5,463 MB (peak 5,718)] [US] name channel done
[   1618s | 5,111 MB (peak 5,718)] [US] address channel done
[   2221s | 4,992 MB (peak 5,967)] [US] HNSW encoder channel done
========================================================================================
  GATE G1 - V6 Target->S1 retrieval, 10% held-out training anchors
========================================================================================
  Holdout anchors 220,756 | true links 763,696 | S1 index 2,206,821 | K=10 per channel
  Recall  name 0.6769 | address 0.8572 | encoder 0.9451 | name+addr 0.9533
  UNION RECALL (candidate ceiling)        : 0.9889
  RRF-fused top-M recall                  : @1 0.9466 | @3 0.9717 | @5 0.9799 | @10 0.9854 | @20 0.9883
    India    links  306,234 | union 0.9878 | top5 0.9778 | name 0.6064 addr 0.8375 enc 0.9545
    US       links  457,462 | union 0.9896 | top5 0.9813 | name 0.7242 addr 0.8703 enc 0.9388
  By source: S2 0.9898 | S3 0.9880
  Cross-country links (unreachable by partition): 0
  Oracle macro F0.5 ceiling               : union 0.9967 | fused_top3 0.9911 | fused_top5 0.9939 | fused_top10 0.9957
  Volume per target: union 27.3 -> est. test pairs 272M (top5: 50M)
  Runtime 2225s | peak process-tree RSS 6,609 MB
  GATE G1 (union recall >= 0.995): FAIL
========================================================================================
